// Vitest Snapshot v1, https://vitest.dev/guide/snapshot.html

exports[`Progress Store > increments by 1 1`] = `1`;
